Archive member included to satisfy reference by file (symbol)

d:/s32kdesignstudio/s32ds/build_tools/gcc_b1620/gcc-6.3-arm32-eabi/bin/../lib/gcc/arm-none-eabi/6.3.1/thumb/v7e-m/fpv4-sp/hard\libgcc.a(_aeabi_uldivmod.o)
                              ./SDK/platform/drivers/src/lpit/lpit_driver.o (__aeabi_uldivmod)
d:/s32kdesignstudio/s32ds/build_tools/gcc_b1620/gcc-6.3-arm32-eabi/bin/../lib/gcc/arm-none-eabi/6.3.1/thumb/v7e-m/fpv4-sp/hard\libgcc.a(_udivmoddi4.o)
                              d:/s32kdesignstudio/s32ds/build_tools/gcc_b1620/gcc-6.3-arm32-eabi/bin/../lib/gcc/arm-none-eabi/6.3.1/thumb/v7e-m/fpv4-sp/hard\libgcc.a(_aeabi_uldivmod.o) (__udivmoddi4)
d:/s32kdesignstudio/s32ds/build_tools/gcc_b1620/gcc-6.3-arm32-eabi/bin/../lib/gcc/arm-none-eabi/6.3.1/thumb/v7e-m/fpv4-sp/hard\libgcc.a(_dvmd_tls.o)
                              d:/s32kdesignstudio/s32ds/build_tools/gcc_b1620/gcc-6.3-arm32-eabi/bin/../lib/gcc/arm-none-eabi/6.3.1/thumb/v7e-m/fpv4-sp/hard\libgcc.a(_aeabi_uldivmod.o) (__aeabi_ldiv0)
D:/S32kDesignStudio/S32DS/build_tools/gcc_b1620/gcc-6.3-arm32-eabi/arm-none-eabi/newlib/lib/thumb/v7e-m/fpv4-sp/hard\libc_nano.a(lib_a-exit.o)
                              D:/S32kDesignStudio/S32DS/build_tools/gcc_b1620/gcc-6.3-arm32-eabi/arm-none-eabi/newlib/lib/thumb/v7e-m/fpv4-sp/hard/crt0.o (exit)
D:/S32kDesignStudio/S32DS/build_tools/gcc_b1620/gcc-6.3-arm32-eabi/arm-none-eabi/newlib/lib/thumb/v7e-m/fpv4-sp/hard\libc_nano.a(lib_a-impure.o)
                              D:/S32kDesignStudio/S32DS/build_tools/gcc_b1620/gcc-6.3-arm32-eabi/arm-none-eabi/newlib/lib/thumb/v7e-m/fpv4-sp/hard\libc_nano.a(lib_a-exit.o) (_global_impure_ptr)
D:/S32kDesignStudio/S32DS/build_tools/gcc_b1620/gcc-6.3-arm32-eabi/arm-none-eabi/newlib/lib/thumb/v7e-m/fpv4-sp/hard\libc_nano.a(lib_a-init.o)
                              D:/S32kDesignStudio/S32DS/build_tools/gcc_b1620/gcc-6.3-arm32-eabi/arm-none-eabi/newlib/lib/thumb/v7e-m/fpv4-sp/hard/crt0.o (__libc_init_array)
D:/S32kDesignStudio/S32DS/build_tools/gcc_b1620/gcc-6.3-arm32-eabi/arm-none-eabi/newlib/lib/thumb/v7e-m/fpv4-sp/hard\libc_nano.a(lib_a-memset.o)
                              D:/S32kDesignStudio/S32DS/build_tools/gcc_b1620/gcc-6.3-arm32-eabi/arm-none-eabi/newlib/lib/thumb/v7e-m/fpv4-sp/hard/crt0.o (memset)
D:/S32kDesignStudio/S32DS/build_tools/gcc_b1620/gcc-6.3-arm32-eabi/arm-none-eabi/newlib/lib/thumb/v7e-m/fpv4-sp/hard\libc_nano.a(lib_a-strlen.o)
                              ./src/test.o (strlen)
D:/S32kDesignStudio/S32DS/build_tools/gcc_b1620/gcc-6.3-arm32-eabi/arm-none-eabi/newlib/lib/thumb/v7e-m/fpv4-sp/hard\libnosys.a(_exit.o)
                              D:/S32kDesignStudio/S32DS/build_tools/gcc_b1620/gcc-6.3-arm32-eabi/arm-none-eabi/newlib/lib/thumb/v7e-m/fpv4-sp/hard\libc_nano.a(lib_a-exit.o) (_exit)

Discarded input sections

 .text          0x00000000        0x0 d:/s32kdesignstudio/s32ds/build_tools/gcc_b1620/gcc-6.3-arm32-eabi/bin/../lib/gcc/arm-none-eabi/6.3.1/thumb/v7e-m/fpv4-sp/hard/crti.o
 .data          0x00000000        0x0 d:/s32kdesignstudio/s32ds/build_tools/gcc_b1620/gcc-6.3-arm32-eabi/bin/../lib/gcc/arm-none-eabi/6.3.1/thumb/v7e-m/fpv4-sp/hard/crti.o
 .bss           0x00000000        0x0 d:/s32kdesignstudio/s32ds/build_tools/gcc_b1620/gcc-6.3-arm32-eabi/bin/../lib/gcc/arm-none-eabi/6.3.1/thumb/v7e-m/fpv4-sp/hard/crti.o
 .text          0x00000000       0xa4 d:/s32kdesignstudio/s32ds/build_tools/gcc_b1620/gcc-6.3-arm32-eabi/bin/../lib/gcc/arm-none-eabi/6.3.1/thumb/v7e-m/fpv4-sp/hard/crtbegin.o
 .data          0x00000000        0x4 d:/s32kdesignstudio/s32ds/build_tools/gcc_b1620/gcc-6.3-arm32-eabi/bin/../lib/gcc/arm-none-eabi/6.3.1/thumb/v7e-m/fpv4-sp/hard/crtbegin.o
 .bss           0x00000000       0x1c d:/s32kdesignstudio/s32ds/build_tools/gcc_b1620/gcc-6.3-arm32-eabi/bin/../lib/gcc/arm-none-eabi/6.3.1/thumb/v7e-m/fpv4-sp/hard/crtbegin.o
 .init_array    0x00000000        0x4 d:/s32kdesignstudio/s32ds/build_tools/gcc_b1620/gcc-6.3-arm32-eabi/bin/../lib/gcc/arm-none-eabi/6.3.1/thumb/v7e-m/fpv4-sp/hard/crtbegin.o
 .fini_array    0x00000000        0x4 d:/s32kdesignstudio/s32ds/build_tools/gcc_b1620/gcc-6.3-arm32-eabi/bin/../lib/gcc/arm-none-eabi/6.3.1/thumb/v7e-m/fpv4-sp/hard/crtbegin.o
 .eh_frame      0x00000000        0x0 d:/s32kdesignstudio/s32ds/build_tools/gcc_b1620/gcc-6.3-arm32-eabi/bin/../lib/gcc/arm-none-eabi/6.3.1/thumb/v7e-m/fpv4-sp/hard/crtbegin.o
 .jcr           0x00000000        0x0 d:/s32kdesignstudio/s32ds/build_tools/gcc_b1620/gcc-6.3-arm32-eabi/bin/../lib/gcc/arm-none-eabi/6.3.1/thumb/v7e-m/fpv4-sp/hard/crtbegin.o
 .tm_clone_table
                0x00000000        0x0 d:/s32kdesignstudio/s32ds/build_tools/gcc_b1620/gcc-6.3-arm32-eabi/bin/../lib/gcc/arm-none-eabi/6.3.1/thumb/v7e-m/fpv4-sp/hard/crtbegin.o
 .comment       0x00000000       0x7f d:/s32kdesignstudio/s32ds/build_tools/gcc_b1620/gcc-6.3-arm32-eabi/bin/../lib/gcc/arm-none-eabi/6.3.1/thumb/v7e-m/fpv4-sp/hard/crtbegin.o
 .ARM.attributes
[...]
Memory Configuration

Name             Origin             Length             Attributes
m_interrupts     0x00000000         0x00000400         xr
m_flash_config   0x00000400         0x00000010         xr
m_text           0x00000410         0x0007fbf0         xr
m_data           0x1fff8000         0x00008000         rw
m_data_2         0x20000000         0x00007000         rw
*default*        0x00000000         0xffffffff

Linker script and memory map

LOAD d:/s32kdesignstudio/s32ds/build_tools/gcc_b1620/gcc-6.3-arm32-eabi/bin/../lib/gcc/arm-none-eabi/6.3.1/thumb/v7e-m/fpv4-sp/hard/crti.o
LOAD d:/s32kdesignstudio/s32ds/build_tools/gcc_b1620/gcc-6.3-arm32-eabi/bin/../lib/gcc/arm-none-eabi/6.3.1/thumb/v7e-m/fpv4-sp/hard/crtbegin.o
LOAD D:/S32kDesignStudio/S32DS/build_tools/gcc_b1620/gcc-6.3-arm32-eabi/arm-none-eabi/newlib/lib/thumb/v7e-m/fpv4-sp/hard/crt0.o
LOAD ./Project_Settings/Startup_Code/startup_S32K144.o
LOAD ./SDK/platform/devices/S32K144/startup/system_S32K144.o
LOAD ./SDK/platform/devices/startup.o
LOAD ./SDK/platform/drivers/src/clock/S32K1xx/clock_S32K1xx.o
LOAD ./SDK/platform/drivers/src/edma/edma_driver.o
LOAD ./SDK/platform/drivers/src/edma/edma_hw_access.o
LOAD ./SDK/platform/drivers/src/edma/edma_irq.o
LOAD ./SDK/platform/drivers/src/ftm/ftm_common.o
LOAD ./SDK/platform/drivers/src/ftm/ftm_hw_access.o
LOAD ./SDK/platform/drivers/src/ftm/ftm_pwm_driver.o
LOAD ./SDK/platform/drivers/src/interrupt/interrupt_manager.o
LOAD ./SDK/platform/drivers/src/lin/lin_common.o
LOAD ./SDK/platform/drivers/src/lin/lin_driver.o
LOAD ./SDK/platform/drivers/src/lin/lin_irq.o
LOAD ./SDK/platform/drivers/src/lpit/lpit_driver.o
LOAD ./SDK/platform/drivers/src/lpuart/lin_lpuart_driver.o
LOAD ./SDK/platform/drivers/src/lpuart/lpuart_driver.o
LOAD ./SDK/platform/drivers/src/lpuart/lpuart_hw_access.o
LOAD ./SDK/platform/drivers/src/lpuart/lpuart_irq.o
LOAD ./SDK/platform/drivers/src/pins/pins_driver.o
LOAD ./SDK/platform/drivers/src/pins/pins_port_hw_access.o
LOAD ./SDK/rtos/osif/osif_baremetal.o
LOAD ./board/clock_config.o
LOAD ./board/peripherals_flexTimer_pwm_1.o
LOAD ./board/peripherals_lpit_config_1.o
LOAD ./board/peripherals_lpuart_1.o
LOAD ./board/peripherals_lpuart_2.o
LOAD ./board/pin_mux.o
LOAD ./src/main.o
LOAD ./src/test.o
START GROUP
LOAD d:/s32kdesignstudio/s32ds/build_tools/gcc_b1620/gcc-6.3-arm32-eabi/bin/../lib/gcc/arm-none-eabi/6.3.1/thumb/v7e-m/fpv4-sp/hard\libgcc.a
LOAD D:/S32kDesignStudio/S32DS/build_tools/gcc_b1620/gcc-6.3-arm32-eabi/arm-none-eabi/newlib/lib/thumb/v7e-m/fpv4-sp/hard\libc_nano.a
END GROUP
START GROUP
LOAD d:/s32kdesignstudio/s32ds/build_tools/gcc_b1620/gcc-6.3-arm32-eabi/bin/../lib/gcc/arm-none-eabi/6.3.1/thumb/v7e-m/fpv4-sp/hard\libgcc.a
LOAD D:/S32kDesignStudio/S32DS/build_tools/gcc_b1620/gcc-6.3-arm32-eabi/arm-none-eabi/newlib/lib/thumb/v7e-m/fpv4-sp/hard\libc_nano.a
LOAD D:/S32kDesignStudio/S32DS/build_tools/gcc_b1620/gcc-6.3-arm32-eabi/arm-none-eabi/newlib/lib/thumb/v7e-m/fpv4-sp/hard\libnosys.a
END GROUP
START GROUP
LOAD d:/s32kdesignstudio/s32ds/build_tools/gcc_b1620/gcc-6.3-arm32-eabi/bin/../lib/gcc/arm-none-eabi/6.3.1/thumb/v7e-m/fpv4-sp/hard\libgcc.a
LOAD D:/S32kDesignStudio/S32DS/build_tools/gcc_b1620/gcc-6.3-arm32-eabi/arm-none-eabi/newlib/lib/thumb/v7e-m/fpv4-sp/hard\libc_nano.a
LOAD D:/S32kDesignStudio/S32DS/build_tools/gcc_b1620/gcc-6.3-arm32-eabi/arm-none-eabi/newlib/lib/thumb/v7e-m/fpv4-sp/hard\libnosys.a
END GROUP
LOAD d:/s32kdesignstudio/s32ds/build_tools/gcc_b1620/gcc-6.3-arm32-eabi/bin/../lib/gcc/arm-none-eabi/6.3.1/thumb/v7e-m/fpv4-sp/hard/crtend.o
LOAD d:/s32kdesignstudio/s32ds/build_tools/gcc_b1620/gcc-6.3-arm32-eabi/bin/../lib/gcc/arm-none-eabi/6.3.1/thumb/v7e-m/fpv4-sp/hard/crtn.o
                0x00000400                HEAP_SIZE = DEFINED (__heap_size__)?__heap_size__:0x400
                0x00000400                STACK_SIZE = DEFINED (__stack_size__)?__stack_size__:0x400
                0x00000400                M_VECTOR_RAM_SIZE = DEFINED (__flash_vector_table__)?0x0:0x400

.interrupts     0x00000000      0x400
                0x00000000                __VECTOR_TABLE = .
                0x00000000                __interrupts_start__ = .
                0x00000000                . = ALIGN (0x4)
 *(.isr_vector)
 .isr_vector    0x00000000      0x400 ./Project_Settings/Startup_Code/startup_S32K144.o
                0x00000000                __isr_vector
                0x00000400                __interrupts_end__ = .
                0x00000400                . = ALIGN (0x4)

.flash_config   0x00000400       0x10
                0x00000400                . = ALIGN (0x4)
 *(.FlashConfig)
 .FlashConfig   0x00000400       0x10 ./Project_Settings/Startup_Code/startup_S32K144.o
                0x00000410                . = ALIGN (0x4)

.text           0x00000410     0x4018
                0x00000410                . = ALIGN (0x4)
 *(.text)
 .text          0x00000410       0x4c ./Project_Settings/Startup_Code/startup_S32K144.o
                0x00000410                Reset_Handler
                0x00000458                DebugMon_Handler
                0x00000458                Reserved88_IRQHandler
                0x00000458                CAN0_ORed_IRQHandler
                0x00000458                HardFault_Handler
                0x00000458                Reserved86_IRQHandler
                0x00000458                Reserved103_IRQHandler
                0x00000458                FTM2_Ovf_Reload_IRQHandler
                0x00000458                Reserved50_IRQHandler
                0x00000458                FTFC_Fault_IRQHandler
                0x00000458                FTM0_Ch6_Ch7_IRQHandler
                0x00000458                Reserved114_IRQHandler
                0x00000458                PendSV_Handler
                0x00000458                NMI_Handler
                0x00000458                Reserved89_IRQHandler
                0x00000458                ERM_double_fault_IRQHandler
                0x00000458                Reserved59_IRQHandler
                0x00000458                LPIT0_Ch0_IRQHandler
                0x00000458                Reserved99_IRQHandler
                0x00000458                FTM3_Ch6_Ch7_IRQHandler
                0x00000458                CAN2_ORed_0_15_MB_IRQHandler
                0x00000458                LPIT0_Ch3_IRQHandler
                0x00000458                Reserved92_IRQHandler
                0x00000458                FTM0_Ch4_Ch5_IRQHandler
                0x00000458                CAN1_Error_IRQHandler
                0x00000458                FTM3_Ch0_Ch1_IRQHandler
                0x00000458                SWI_IRQHandler
                0x00000458                ADC0_IRQHandler
                0x00000458                FTM2_Ch4_Ch5_IRQHandler
                0x00000458                UsageFault_Handler
                0x00000458                FTM0_Ovf_Reload_IRQHandler
                0x00000458                DefaultISR
                0x00000458                Reserved58_IRQHandler
                0x00000458                CAN1_ORed_0_15_MB_IRQHandler
                0x00000458                FTM1_Ch2_Ch3_IRQHandler
                0x00000458                Reserved82_IRQHandler
                0x00000458                CAN0_ORed_16_31_MB_IRQHandler
                0x00000458                LPI2C0_Slave_IRQHandler
                0x00000458                Reserved71_IRQHandler
                0x00000458                PORTD_IRQHandler
                0x00000458                Reserved69_IRQHandler
                0x00000458                PORTB_IRQHandler
                0x00000458                Reserved70_IRQHandler
                0x00000458                ADC1_IRQHandler
                0x00000458                FTM2_Ch2_Ch3_IRQHandler
                0x00000458                Reserved53_IRQHandler
                0x00000458                RTC_IRQHandler
                0x00000458                PDB0_IRQHandler
                0x00000458                Reserved54_IRQHandler
                0x00000458                FTM2_Ch6_Ch7_IRQHandler
                0x00000458                FTM3_Ch2_Ch3_IRQHandler
                0x00000458                FTM2_Ch0_Ch1_IRQHandler
                0x00000458                LPSPI1_IRQHandler
                0x00000458                LPUART1_RxTx_IRQHandler
                0x00000458                RTC_Seconds_IRQHandler
                0x00000458                CAN2_ORed_IRQHandler
                0x00000458                Reserved72_IRQHandler
                0x00000458                Reserved110_IRQHandler
                0x00000458                Reserved107_IRQHandler
                0x00000458                Read_Collision_IRQHandler
                0x00000458                CAN2_Error_IRQHandler
                0x00000458                FTFC_IRQHandler
                0x00000458                FTM1_Ch6_Ch7_IRQHandler
                0x00000458                Reserved105_IRQHandler
                0x00000458                LPIT0_Ch1_IRQHandler
                0x00000458                FTM1_Ch4_Ch5_IRQHandler
                0x00000458                FTM3_Ovf_Reload_IRQHandler
                0x00000458                LPUART2_RxTx_IRQHandler
                0x00000458                LPSPI0_IRQHandler
                0x00000458                WDOG_EWM_IRQHandler
                0x00000458                MemManage_Handler
                0x00000458                Reserved90_IRQHandler
                0x00000458                Reserved83_IRQHandler
                0x00000458                FTM0_Fault_IRQHandler
                0x00000458                Reserved48_IRQHandler
                0x00000458                SVC_Handler
                0x00000458                ERM_single_fault_IRQHandler
                0x00000458                FTM2_Fault_IRQHandler
                0x00000458                FTM0_Ch2_Ch3_IRQHandler
                0x00000458                FTM0_Ch0_Ch1_IRQHandler
                0x00000458                FTM3_Fault_IRQHandler
                0x00000458                RCM_IRQHandler
                0x00000458                Reserved100_IRQHandler
                0x00000458                Reserved91_IRQHandler
                0x00000458                CAN1_ORed_IRQHandler
                0x00000458                SCG_IRQHandler
                0x00000458                PDB1_IRQHandler
                0x00000458                Reserved81_IRQHandler
                0x00000458                Reserved46_IRQHandler
                0x00000458                Reserved45_IRQHandler
                0x00000458                CAN0_Error_IRQHandler
                0x00000458                Reserved112_IRQHandler
                0x00000458                LPI2C0_Master_IRQHandler
                0x00000458                FTM1_Fault_IRQHandler
                0x00000458                Reserved106_IRQHandler
                0x00000458                LVD_LVW_IRQHandler
                0x00000458                LPIT0_Ch2_IRQHandler
                0x00000458                PORTA_IRQHandler
                0x00000458                MCM_IRQHandler
                0x00000458                LPSPI2_IRQHandler
                0x00000458                FTM3_Ch4_Ch5_IRQHandler
                0x00000458                CAN0_ORed_0_15_MB_IRQHandler
                0x00000458                PORTE_IRQHandler
                0x00000458                LPUART0_RxTx_IRQHandler
                0x00000458                LPTMR0_IRQHandler
                0x00000458                BusFault_Handler
                0x00000458                Reserved87_IRQHandler
                0x00000458                FTM1_Ovf_Reload_IRQHandler
                0x00000458                Reserved93_IRQHandler
                0x00000458                CAN0_Wake_Up_IRQHandler
                0x00000458                CMP0_IRQHandler
                0x00000458                Reserved52_IRQHandler
                0x00000458                PORTC_IRQHandler
                0x00000458                FTM1_Ch0_Ch1_IRQHandler
                0x00000458                FLEXIO_IRQHandler
                0x00000458                Reserved113_IRQHandler
 .text          0x0000045c       0x30 d:/s32kdesignstudio/s32ds/build_tools/gcc_b1620/gcc-6.3-arm32-eabi/bin/../lib/gcc/arm-none-eabi/6.3.1/thumb/v7e-m/fpv4-sp/hard\libgcc.a(_aeabi_uldivmod.o)
                0x0000045c                __aeabi_uldivmod
 .text          0x0000048c      0x2e4 d:/s32kdesignstudio/s32ds/build_tools/gcc_b1620/gcc-6.3-arm32-eabi/bin/../lib/gcc/arm-none-eabi/6.3.1/thumb/v7e-m/fpv4-sp/hard\libgcc.a(_udivmoddi4.o)
                0x0000048c                __udivmoddi4
 .text          0x00000770        0x4 d:/s32kdesignstudio/s32ds/build_tools/gcc_b1620/gcc-6.3-arm32-eabi/bin/../lib/gcc/arm-none-eabi/6.3.1/thumb/v7e-m/fpv4-sp/hard\libgcc.a(_dvmd_tls.o)
                0x00000770                __aeabi_idiv0
                0x00000770                __aeabi_ldiv0
 .text          0x00000774       0x10 D:/S32kDesignStudio/S32DS/build_tools/gcc_b1620/gcc-6.3-arm32-eabi/arm-none-eabi/newlib/lib/thumb/v7e-m/fpv4-sp/hard\libc_nano.a(lib_a-strlen.o)
                0x00000774                strlen
 *(.text*)
 .text.SystemInit
                0x00000784       0x3c ./SDK/platform/devices/S32K144/startup/system_S32K144.o
                0x00000784                SystemInit
 .text.init_data_bss
                0x000007c0       0xd8 ./SDK/platform/devices/startup.o
                0x000007c0                init_data_bss
 .text.CLOCK_SYS_GetCurrentRunMode
                0x00000898       0x24 ./SDK/platform/drivers/src/clock/S32K1xx/clock_S32K1xx.o
 .text.CLOCK_SYS_GetSysOscFreq
                0x000008bc       0x1c ./SDK/platform/drivers/src/clock/S32K1xx/clock_S32K1xx.o
 .text.CLOCK_SYS_ConfigureSOSC
                0x000008d8      0x12c ./SDK/platform/drivers/src/clock/S32K1xx/clock_S32K1xx.o
 .text.CLOCK_SYS_GetSircFreq
                0x00000a04       0x2c ./SDK/platform/drivers/src/clock/S32K1xx/clock_S32K1xx.o
 .text.CLOCK_SYS_ConfigureSIRC
                0x00000a30       0xc4 ./SDK/platform/drivers/src/clock/S32K1xx/clock_S32K1xx.o
 .text.CLOCK_SYS_GetFircFreq
                0x00000af4       0x20 ./SDK/platform/drivers/src/clock/S32K1xx/clock_S32K1xx.o
 .text.CLOCK_SYS_ConfigureFIRC
                0x00000b14       0xb4 ./SDK/platform/drivers/src/clock/S32K1xx/clock_S32K1xx.o
 .text.CLOCK_SYS_GetSysPllFreq
                0x00000bc8       0x44 ./SDK/platform/drivers/src/clock/S32K1xx/clock_S32K1xx.o
 .text.CLOCK_SYS_ConfigureSPLL
                0x00000c0c      0x104 ./SDK/platform/drivers/src/clock/S32K1xx/clock_S32K1xx.o
 .text.CLOCK_SYS_SetSystemClockConfig
                0x00000d10      0x1e4 ./SDK/platform/drivers/src/clock/S32K1xx/clock_S32K1xx.o
 .text.CLOCK_SYS_TransitionSystemClock
                0x00000ef4       0x3c ./SDK/platform/drivers/src/clock/S32K1xx/clock_S32K1xx.o
 .text.CLOCK_SYS_GetSystemClockFreq
                0x00000f30       0x78 ./SDK/platform/drivers/src/clock/S32K1xx/clock_S32K1xx.o
 .text.CLOCK_SYS_GetScgClkOutFreq
                0x00000fa8       0x48 ./SDK/platform/drivers/src/clock/S32K1xx/clock_S32K1xx.o
 .text.CLOCK_SYS_GetSysAsyncFreq
                0x00000ff0       0xdc ./SDK/platform/drivers/src/clock/S32K1xx/clock_S32K1xx.o
 .text.CLOCK_SYS_GetSimRtcClkFreq
                0x000010cc       0x50 ./SDK/platform/drivers/src/clock/S32K1xx/clock_S32K1xx.o
 .text.CLOCK_SYS_GetLpoFreq
                0x0000111c       0x4c ./SDK/platform/drivers/src/clock/S32K1xx/clock_S32K1xx.o
 .text.CLOCK_SYS_GetSimClkOutFreq
                0x00001168       0xac ./SDK/platform/drivers/src/clock/S32K1xx/clock_S32K1xx.o
 .text.CLOCK_SYS_GetSimClockFreq
                0x00001214      0x1a8 ./SDK/platform/drivers/src/clock/S32K1xx/clock_S32K1xx.o
 .text.CLOCK_SYS_GetPeripheralClock
                0x000013bc       0xcc ./SDK/platform/drivers/src/clock/S32K1xx/clock_S32K1xx.o
 .text.CLOCK_DRV_Init
                0x00001488      0x618 ./SDK/platform/drivers/src/clock/S32K1xx/clock_S32K1xx.o
                0x00001488                CLOCK_DRV_Init
 .text.CLOCK_DRV_GetFreq
                0x00001aa0      0x230 ./SDK/platform/drivers/src/clock/S32K1xx/clock_S32K1xx.o
                0x00001aa0                CLOCK_DRV_GetFreq
 .text.CLOCK_SYS_Init
                0x00001cd0       0x1c ./SDK/platform/drivers/src/clock/S32K1xx/clock_S32K1xx.o
                0x00001cd0                CLOCK_SYS_Init
 .text.CLOCK_SYS_UpdateConfiguration
                0x00001cec       0xe8 ./SDK/platform/drivers/src/clock/S32K1xx/clock_S32K1xx.o
                0x00001cec                CLOCK_SYS_UpdateConfiguration
 .text.CLOCK_SYS_GetFreq
                0x00001dd4        0x8 ./SDK/platform/drivers/src/clock/S32K1xx/clock_S32K1xx.o
                0x00001dd4                CLOCK_SYS_GetFreq
 .text.EDMA_DRV_InstallCallback
                0x00001ddc       0x20 ./SDK/platform/drivers/src/edma/edma_driver.o
                0x00001ddc                EDMA_DRV_InstallCallback
 .text.EDMA_DRV_IRQHandler
                0x00001dfc       0x2c ./SDK/platform/drivers/src/edma/edma_driver.o
                0x00001dfc                EDMA_DRV_IRQHandler
 .text.EDMA_DRV_ErrorIRQHandler
                0x00001e28       0x3c ./SDK/platform/drivers/src/edma/edma_driver.o
                0x00001e28                EDMA_DRV_ErrorIRQHandler
 .text.EDMA_DRV_ConfigSingleBlockTransfer
                0x00001e64      0x154 ./SDK/platform/drivers/src/edma/edma_driver.o
                0x00001e64                EDMA_DRV_ConfigSingleBlockTransfer
 .text.EDMA_DRV_ConfigMultiBlockTransfer
                0x00001fb8       0x64 ./SDK/platform/drivers/src/edma/edma_driver.o
                0x00001fb8                EDMA_DRV_ConfigMultiBlockTransfer
 .text.EDMA_DRV_StartChannel
                0x0000201c       0x18 ./SDK/platform/drivers/src/edma/edma_driver.o
                0x0000201c                EDMA_DRV_StartChannel
 .text.EDMA_DRV_StopChannel
                0x00002034       0x18 ./SDK/platform/drivers/src/edma/edma_driver.o
                0x00002034                EDMA_DRV_StopChannel
 .text.EDMA_DRV_SetSrcAddr
                0x0000204c       0x14 ./SDK/platform/drivers/src/edma/edma_driver.o
                0x0000204c                EDMA_DRV_SetSrcAddr
 .text.EDMA_DRV_SetDestAddr
                0x00002060       0x16 ./SDK/platform/drivers/src/edma/edma_driver.o
                0x00002060                EDMA_DRV_SetDestAddr
 *fill*         0x00002076        0x2 
 .text.EDMA_DRV_SetMajorLoopIterationCount
                0x00002078       0x14 ./SDK/platform/drivers/src/edma/edma_driver.o
                0x00002078                EDMA_DRV_SetMajorLoopIterationCount
 .text.EDMA_DRV_GetDmaRegBaseAddr
                0x0000208c        0x8 ./SDK/platform/drivers/src/edma/edma_driver.o
                0x0000208c                EDMA_DRV_GetDmaRegBaseAddr
 .text.EDMA_SetDmaRequestCmd
                0x00002094        0xa ./SDK/platform/drivers/src/edma/edma_hw_access.o
                0x00002094                EDMA_SetDmaRequestCmd
 .text.EDMA_TCDClearReg
                0x0000209e       0x4a ./SDK/platform/drivers/src/edma/edma_hw_access.o
                0x0000209e                EDMA_TCDClearReg
 .text.EDMA_TCDSetAttribute
                0x000020e8       0x30 ./SDK/platform/drivers/src/edma/edma_hw_access.o
                0x000020e8                EDMA_TCDSetAttribute
 .text.EDMA_TCDSetNbytes
                0x00002118       0x5c ./SDK/platform/drivers/src/edma/edma_hw_access.o
                0x00002118                EDMA_TCDSetNbytes
 .text.EDMA_TCDSetMajorCount
                0x00002174       0x5e ./SDK/platform/drivers/src/edma/edma_hw_access.o
                0x00002174                EDMA_TCDSetMajorCount
 .text.DMA0_IRQHandler
                0x000021d2        0xa ./SDK/platform/drivers/src/edma/edma_irq.o
                0x000021d2                DMA0_IRQHandler
 .text.DMA1_IRQHandler
                0x000021dc        0xa ./SDK/platform/drivers/src/edma/edma_irq.o
                0x000021dc                DMA1_IRQHandler
 .text.DMA2_IRQHandler
                0x000021e6        0xa ./SDK/platform/drivers/src/edma/edma_irq.o
                0x000021e6                DMA2_IRQHandler
 .text.DMA3_IRQHandler
                0x000021f0        0xa ./SDK/platform/drivers/src/edma/edma_irq.o
                0x000021f0                DMA3_IRQHandler
 .text.DMA4_IRQHandler
                0x000021fa        0xa ./SDK/platform/drivers/src/edma/edma_irq.o
                0x000021fa                DMA4_IRQHandler
 .text.DMA5_IRQHandler
                0x00002204        0xa ./SDK/platform/drivers/src/edma/edma_irq.o
                0x00002204                DMA5_IRQHandler
 .text.DMA6_IRQHandler
                0x0000220e        0xa ./SDK/platform/drivers/src/edma/edma_irq.o
                0x0000220e                DMA6_IRQHandler
 .text.DMA7_IRQHandler
                0x00002218        0xa ./SDK/platform/drivers/src/edma/edma_irq.o
                0x00002218                DMA7_IRQHandler
 .text.DMA8_IRQHandler
                0x00002222        0xa ./SDK/platform/drivers/src/edma/edma_irq.o
                0x00002222                DMA8_IRQHandler
 .text.DMA9_IRQHandler
                0x0000222c        0xa ./SDK/platform/drivers/src/edma/edma_irq.o
                0x0000222c                DMA9_IRQHandler
 .text.DMA10_IRQHandler
                0x00002236        0xa ./SDK/platform/drivers/src/edma/edma_irq.o
                0x00002236                DMA10_IRQHandler
 .text.DMA11_IRQHandler
                0x00002240        0xa ./SDK/platform/drivers/src/edma/edma_irq.o
                0x00002240                DMA11_IRQHandler
 .text.DMA12_IRQHandler
                0x0000224a        0xa ./SDK/platform/drivers/src/edma/edma_irq.o
                0x0000224a                DMA12_IRQHandler
 .text.DMA13_IRQHandler
                0x00002254        0xa ./SDK/platform/drivers/src/edma/edma_irq.o
                0x00002254                DMA13_IRQHandler
 .text.DMA14_IRQHandler
                0x0000225e        0xa ./SDK/platform/drivers/src/edma/edma_irq.o
                0x0000225e                DMA14_IRQHandler
 .text.DMA15_IRQHandler
                0x00002268        0xa ./SDK/platform/drivers/src/edma/edma_irq.o
                0x00002268                DMA15_IRQHandler
 .text.DMA_Error_IRQHandler
                0x00002272       0x28 ./SDK/platform/drivers/src/edma/edma_irq.o
                0x00002272                DMA_Error_IRQHandler
 *fill*         0x0000229a        0x2 
 .text.FTM_DRV_SetSync
                0x0000229c      0x1bc ./SDK/platform/drivers/src/ftm/ftm_common.o
                0x0000229c                FTM_DRV_SetSync
 .text.FTM_DRV_GetFrequency
                0x00002458       0x64 ./SDK/platform/drivers/src/ftm/ftm_common.o
                0x00002458                FTM_DRV_GetFrequency
 .text.FTM_DRV_Init
                0x000024bc       0xe0 ./SDK/platform/drivers/src/ftm/ftm_common.o
                0x000024bc                FTM_DRV_Init
 .text.FTM_DRV_ConvertFreqToPeriodTicks
                0x0000259c       0x14 ./SDK/platform/drivers/src/ftm/ftm_common.o
                0x0000259c                FTM_DRV_ConvertFreqToPeriodTicks
 .text.FTM_DRV_InitModule
                0x000025b0       0x18 ./SDK/platform/drivers/src/ftm/ftm_hw_access.o
                0x000025b0                FTM_DRV_InitModule
 .text.FTM_DRV_Reset
                0x000025c8       0x66 ./SDK/platform/drivers/src/ftm/ftm_hw_access.o
                0x000025c8                FTM_DRV_Reset
 .text.FTM_DRV_SetChnTriggerCmd
                0x0000262e       0x32 ./SDK/platform/drivers/src/ftm/ftm_hw_access.o
                0x0000262e                FTM_DRV_SetChnTriggerCmd
 .text.FTM_DRV_UpdatePwmChannel
                0x00002660      0x10c ./SDK/platform/drivers/src/ftm/ftm_pwm_driver.o
                0x00002660                FTM_DRV_UpdatePwmChannel
 .text.FTM_DRV_InitPwm
                0x0000276c      0x638 ./SDK/platform/drivers/src/ftm/ftm_pwm_driver.o
                0x0000276c                FTM_DRV_InitPwm
 .text.INT_SYS_InstallHandler
                0x00002da4       0x40 ./SDK/platform/drivers/src/interrupt/interrupt_manager.o
                0x00002da4                INT_SYS_InstallHandler
 .text.INT_SYS_EnableIRQ
                0x00002de4       0x18 ./SDK/platform/drivers/src/interrupt/interrupt_manager.o
                0x00002de4                INT_SYS_EnableIRQ
 .text.INT_SYS_DisableIRQ
                0x00002dfc       0x1c ./SDK/platform/drivers/src/interrupt/interrupt_manager.o
                0x00002dfc                INT_SYS_DisableIRQ
 .text.INT_SYS_EnableIRQGlobal
                0x00002e18       0x1c ./SDK/platform/drivers/src/interrupt/interrupt_manager.o
                0x00002e18                INT_SYS_EnableIRQGlobal
 .text.INT_SYS_DisableIRQGlobal
                0x00002e34       0x10 ./SDK/platform/drivers/src/interrupt/interrupt_manager.o
                0x00002e34                INT_SYS_DisableIRQGlobal
 .text.LPIT_DRV_Init
                0x00002e44       0xac ./SDK/platform/drivers/src/lpit/lpit_driver.o
                0x00002e44                LPIT_DRV_Init
 .text.LPIT_DRV_StartTimerChannels
                0x00002ef0       0x10 ./SDK/platform/drivers/src/lpit/lpit_driver.o
                0x00002ef0                LPIT_DRV_StartTimerChannels
 .text.LPIT_DRV_SetTimerPeriodByUs
                0x00002f00       0xac ./SDK/platform/drivers/src/lpit/lpit_driver.o
                0x00002f00                LPIT_DRV_SetTimerPeriodByUs
 .text.LPIT_DRV_InitChannel
                0x00002fac      0x188 ./SDK/platform/drivers/src/lpit/lpit_driver.o
                0x00002fac                LPIT_DRV_InitChannel
 .text.LPIT_DRV_ClearInterruptFlagTimerChannels
                0x00003134        0xc ./SDK/platform/drivers/src/lpit/lpit_driver.o
                0x00003134                LPIT_DRV_ClearInterruptFlagTimerChannels
 .text.LPUART_DRV_StartSendDataUsingInt
                0x00003140       0x4c ./SDK/platform/drivers/src/lpuart/lpuart_driver.o
 .text.LPUART_DRV_StartSendDataUsingDma
                0x0000318c       0x80 ./SDK/platform/drivers/src/lpuart/lpuart_driver.o
 .text.LPUART_DRV_CompleteSendDataUsingInt
                0x0000320c       0x64 ./SDK/platform/drivers/src/lpuart/lpuart_driver.o
 .text.LPUART_DRV_StopTxDma
                0x00003270       0x64 ./SDK/platform/drivers/src/lpuart/lpuart_driver.o
 .text.LPUART_DRV_TxDmaCallback
                0x000032d4       0x74 ./SDK/platform/drivers/src/lpuart/lpuart_driver.o
 .text.LPUART_DRV_PutData
                0x00003348       0x44 ./SDK/platform/drivers/src/lpuart/lpuart_driver.o
 .text.LPUART_DRV_StartReceiveDataUsingInt
                0x0000338c       0x54 ./SDK/platform/drivers/src/lpuart/lpuart_driver.o
 .text.LPUART_DRV_StartReceiveDataUsingDma
                0x000033e0       0x9c ./SDK/platform/drivers/src/lpuart/lpuart_driver.o
 .text.LPUART_DRV_CompleteReceiveDataUsingInt
                0x0000347c       0x64 ./SDK/platform/drivers/src/lpuart/lpuart_driver.o
 .text.LPUART_DRV_StopRxDma
                0x000034e0       0x64 ./SDK/platform/drivers/src/lpuart/lpuart_driver.o
 .text.LPUART_DRV_RxDmaCallback
                0x00003544       0xa4 ./SDK/platform/drivers/src/lpuart/lpuart_driver.o
 .text.LPUART_DRV_GetData
                0x000035e8       0x5c ./SDK/platform/drivers/src/lpuart/lpuart_driver.o
 .text.LPUART_DRV_InstallRxCallback
                0x00003644       0x14 ./SDK/platform/drivers/src/lpuart/lpuart_driver.o
                0x00003644                LPUART_DRV_InstallRxCallback
 .text.LPUART_DRV_SendData
                0x00003658       0x24 ./SDK/platform/drivers/src/lpuart/lpuart_driver.o
                0x00003658                LPUART_DRV_SendData
 .text.LPUART_DRV_ReceiveData
                0x0000367c       0x24 ./SDK/platform/drivers/src/lpuart/lpuart_driver.o
                0x0000367c                LPUART_DRV_ReceiveData
 .text.LPUART_DRV_SetBaudRate
                0x000036a0       0xf0 ./SDK/platform/drivers/src/lpuart/lpuart_driver.o
                0x000036a0                LPUART_DRV_SetBaudRate
 .text.LPUART_DRV_Init
                0x00003790       0xe0 ./SDK/platform/drivers/src/lpuart/lpuart_driver.o
                0x00003790                LPUART_DRV_Init
 .text.LPUART_DRV_IRQHandler
                0x00003870      0x284 ./SDK/platform/drivers/src/lpuart/lpuart_driver.o
                0x00003870                LPUART_DRV_IRQHandler
 .text.LPUART_Init
                0x00003af4       0x24 ./SDK/platform/drivers/src/lpuart/lpuart_hw_access.o
                0x00003af4                LPUART_Init
 .text.LPUART_SetBitCountPerChar
                0x00003b18       0x30 ./SDK/platform/drivers/src/lpuart/lpuart_hw_access.o
                0x00003b18                LPUART_SetBitCountPerChar
 .text.LPUART_SetParityMode
                0x00003b48       0x1e ./SDK/platform/drivers/src/lpuart/lpuart_hw_access.o
                0x00003b48                LPUART_SetParityMode
 .text.LPUART_Putchar9
                0x00003b66       0x16 ./SDK/platform/drivers/src/lpuart/lpuart_hw_access.o
                0x00003b66                LPUART_Putchar9
 .text.LPUART_Putchar10
                0x00003b7c       0x22 ./SDK/platform/drivers/src/lpuart/lpuart_hw_access.o
                0x00003b7c                LPUART_Putchar10
 .text.LPUART_Getchar9
                0x00003b9e       0x12 ./SDK/platform/drivers/src/lpuart/lpuart_hw_access.o
                0x00003b9e                LPUART_Getchar9
 .text.LPUART_Getchar10
                0x00003bb0       0x1e ./SDK/platform/drivers/src/lpuart/lpuart_hw_access.o
                0x00003bb0                LPUART_Getchar10
 .text.LPUART_SetIntMode
                0x00003bce       0x70 ./SDK/platform/drivers/src/lpuart/lpuart_hw_access.o
                0x00003bce                LPUART_SetIntMode
 .text.LPUART_GetIntMode
                0x00003c3e       0x4a ./SDK/platform/drivers/src/lpuart/lpuart_hw_access.o
                0x00003c3e                LPUART_GetIntMode
 .text.LPUART_GetStatusFlag
                0x00003c88       0x4a ./SDK/platform/drivers/src/lpuart/lpuart_hw_access.o
                0x00003c88                LPUART_GetStatusFlag
 *fill*         0x00003cd2        0x2 
 .text.LPUART_SetErrorInterrupts
                0x00003cd4       0x40 ./SDK/platform/drivers/src/lpuart/lpuart_hw_access.o
                0x00003cd4                LPUART_SetErrorInterrupts
 .text.LPUART0_IrqHandler
                0x00003d14        0xa ./SDK/platform/drivers/src/lpuart/lpuart_irq.o
                0x00003d14                LPUART0_IrqHandler
 .text.LPUART1_IrqHandler
                0x00003d1e        0xa ./SDK/platform/drivers/src/lpuart/lpuart_irq.o
                0x00003d1e                LPUART1_IrqHandler
 .text.LPUART2_IrqHandler
                0x00003d28        0xa ./SDK/platform/drivers/src/lpuart/lpuart_irq.o
                0x00003d28                LPUART2_IrqHandler
 .text.PINS_DRV_Init
                0x00003d32       0x20 ./SDK/platform/drivers/src/pins/pins_driver.o
                0x00003d32                PINS_DRV_Init
 .text.PINS_DRV_WritePin
                0x00003d52       0x18 ./SDK/platform/drivers/src/pins/pins_driver.o
                0x00003d52                PINS_DRV_WritePin
 .text.PINS_DRV_TogglePins
                0x00003d6a        0x4 ./SDK/platform/drivers/src/pins/pins_driver.o
                0x00003d6a                PINS_DRV_TogglePins
 *fill*         0x00003d6e        0x2 
 .text.PINS_GetAdcInterleaveVal
                0x00003d70       0x6c ./SDK/platform/drivers/src/pins/pins_port_hw_access.o
 .text.PINS_Init
                0x00003ddc      0x114 ./SDK/platform/drivers/src/pins/pins_port_hw_access.o
                0x00003ddc                PINS_Init
 .text.SysTick_Handler
                0x00003ef0       0x10 ./SDK/rtos/osif/osif_baremetal.o
                0x00003ef0                SysTick_Handler
 .text.OSIF_SemaPost
                0x00003f00       0x26 ./SDK/rtos/osif/osif_baremetal.o
                0x00003f00                OSIF_SemaPost
 .text.OSIF_SemaCreate
                0x00003f26       0x14 ./SDK/rtos/osif/osif_baremetal.o
                0x00003f26                OSIF_SemaCreate
 *fill*         0x00003f3a        0x2 
 .text.main     0x00003f3c       0x58 ./src/main.o
                0x00003f3c                main
 .text.lpit0    0x00003f94       0x48 ./src/test.o
                0x00003f94                lpit0
 .text.uart_receive1
                0x00003fdc       0x4c ./src/test.o
                0x00003fdc                uart_receive1
 .text.uart_receive2
                0x00004028       0x4c ./src/test.o
                0x00004028                uart_receive2
 .text.init     0x00004074       0x2c ./src/test.o
                0x00004074                init
 .text.lpit_init
                0x000040a0       0x34 ./src/test.o
                0x000040a0                lpit_init
 .text.send     0x000040d4       0x58 ./src/test.o
                0x000040d4                send
 .text.lpuart_init
                0x0000412c       0x60 ./src/test.o
                0x0000412c                lpuart_init
 .text.pwm_init
                0x0000418c       0x24 ./src/test.o
                0x0000418c                pwm_init
 *(.rodata)
 *(.rodata*)
 .rodata.clockNameMappings
                0x000041b0       0x9e ./SDK/platform/drivers/src/clock/S32K1xx/clock_S32K1xx.o
                0x000041b0                clockNameMappings
 *fill*         0x0000424e        0x2 
 .rodata.maxSysClksInHSRUN.7627
                0x00004250       0x54 ./SDK/platform/drivers/src/clock/S32K1xx/clock_S32K1xx.o
 .rodata.maxSysClksInRUN.7626
                0x000042a4       0x54 ./SDK/platform/drivers/src/clock/S32K1xx/clock_S32K1xx.o
 .rodata.maxSysClksInVLPR.7625
                0x000042f8       0x54 ./SDK/platform/drivers/src/clock/S32K1xx/clock_S32K1xx.o
 .rodata.peripheralFeaturesList
                0x0000434c       0x4f ./SDK/platform/drivers/src/clock/S32K1xx/clock_S32K1xx.o
                0x0000434c                peripheralFeaturesList
 *fill*         0x0000439b        0x1 
 .rodata.g_ftmBase
                0x0000439c       0x10 ./SDK/platform/drivers/src/ftm/ftm_common.o
                0x0000439c                g_ftmBase
 .rodata.g_ftmExtClockSel
                0x000043ac        0x4 ./SDK/platform/drivers/src/ftm/ftm_common.o
 .rodata.g_ftmOverflowIrqId
                0x000043b0        0x4 ./SDK/platform/drivers/src/ftm/ftm_common.o
                0x000043b0                g_ftmOverflowIrqId
 .rodata.s_lpuartBase
                0x000043b4        0xc ./SDK/platform/drivers/src/lpuart/lpuart_driver.o
 .rodata.s_lpuartClkNames
                0x000043c0        0x3 ./SDK/platform/drivers/src/lpuart/lpuart_driver.o
 *fill*         0x000043c3        0x1 
 .rodata.s_lpuartRxTxIrqId
                0x000043c4        0x3 ./SDK/platform/drivers/src/lpuart/lpuart_driver.o
 *fill*         0x000043c7        0x1 
 .rodata.lpit1_InitConfig
                0x000043c8        0x2 ./board/peripherals_lpit_config_1.o
                0x000043c8                lpit1_InitConfig
 *fill*         0x000043ca        0x2 
 .rodata.lpuart_1_InitConfig0
                0x000043cc        0xc ./board/peripherals_lpuart_1.o
                0x000043cc                lpuart_1_InitConfig0
 .rodata.lpuart_0_InitConfig0
                0x000043d8        0xc ./board/peripherals_lpuart_2.o
                0x000043d8                lpuart_0_InitConfig0
 .rodata.str1.4
                0x000043e4       0x36 ./src/test.o
 *fill*         0x0000441a        0x2 
 .rodata.uart_receive1.str1.4
                0x0000441c        0x4 ./src/test.o
                                  0x2 (size before relaxing)
 *(.init)
 .init          0x00004420        0x4 d:/s32kdesignstudio/s32ds/build_tools/gcc_b1620/gcc-6.3-arm32-eabi/bin/../lib/gcc/arm-none-eabi/6.3.1/thumb/v7e-m/fpv4-sp/hard/crti.o
                0x00004420                _init
 *(.fini)
 .fini          0x00004424        0x4 d:/s32kdesignstudio/s32ds/build_tools/gcc_b1620/gcc-6.3-arm32-eabi/bin/../lib/gcc/arm-none-eabi/6.3.1/thumb/v7e-m/fpv4-sp/hard/crti.o
                0x00004424                _fini
 *(.eh_frame)
                0x00004428                . = ALIGN (0x4)

.glue_7         0x00004428        0x0
 .glue_7        0x00004428        0x0 linker stubs

.glue_7t        0x00004428        0x0
 .glue_7t       0x00004428        0x0 linker stubs

.vfp11_veneer   0x00004428        0x0
 .vfp11_veneer  0x00004428        0x0 linker stubs

.v4_bx          0x00004428        0x0
 .v4_bx         0x00004428        0x0 linker stubs

.iplt           0x00004428        0x0
 .iplt          0x00004428        0x0 ./Project_Settings/Startup_Code/startup_S32K144.o

.ARM            0x00004428        0x8
                0x00004428                __exidx_start = .
 *(.ARM.exidx*)
 .ARM.exidx     0x00004428        0x8 d:/s32kdesignstudio/s32ds/build_tools/gcc_b1620/gcc-6.3-arm32-eabi/bin/../lib/gcc/arm-none-eabi/6.3.1/thumb/v7e-m/fpv4-sp/hard\libgcc.a(_udivmoddi4.o)
                0x00004430                __exidx_end = .
                0x00004430                __etext = .
                0x00004430                __DATA_ROM = .

.rel.dyn        0x00004430        0x0
 .rel.iplt      0x00004430        0x0 ./Project_Settings/Startup_Code/startup_S32K144.o

.interrupts_ram
                0x1fff8000      0x400
                0x1fff8000                . = ALIGN (0x4)
                0x1fff8000                __VECTOR_RAM__ = .
                0x1fff8000                __RAM_START = .
                0x1fff8000                __interrupts_ram_start__ = .
 *(.m_interrupts_ram)
                0x1fff8400                . = (. + M_VECTOR_RAM_SIZE)
 *fill*         0x1fff8000      0x400 
                0x1fff8400                . = ALIGN (0x4)
                0x1fff8400                __interrupts_ram_end__ = .
                0x1fff8000                __VECTOR_RAM = DEFINED (__flash_vector_table__)?ORIGIN (m_interrupts):__VECTOR_RAM__
                0x00000400                __RAM_VECTOR_TABLE_SIZE = DEFINED (__flash_vector_table__)?0x0:(__interrupts_ram_end__ - __interrupts_ram_start__)

.data           0x1fff8400      0x3e8 load address 0x00004430
                0x1fff8400                . = ALIGN (0x4)
                0x1fff8400                __DATA_RAM = .
                0x1fff8400                __data_start__ = .
 *(.data)
 *(.data*)
 .data.peripheralClockConfig.7374
                0x1fff8400       0xa0 ./SDK/platform/drivers/src/clock/S32K1xx/clock_S32K1xx.o
 .data.g_lpuartIsr
                0x1fff84a0        0xc ./SDK/platform/drivers/src/lpuart/lpuart_irq.o
                0x1fff84a0                g_lpuartIsr
 .data.clockMan1_InitConfig0
                0x1fff84ac       0x88 ./board/clock_config.o
                0x1fff84ac                clockMan1_InitConfig0
 .data.g_clockManConfigsArr
                0x1fff8534        0x4 ./board/clock_config.o
                0x1fff8534                g_clockManConfigsArr
 .data.peripheralClockConfig0
                0x1fff8538       0xa0 ./board/clock_config.o
                0x1fff8538                peripheralClockConfig0
 .data.flexTimer_pwm_1_IndependentChannelsConfig
                0x1fff85d8        0xa ./board/peripherals_flexTimer_pwm_1.o
                0x1fff85d8                flexTimer_pwm_1_IndependentChannelsConfig
 *fill*         0x1fff85e2        0x2 
 .data.flexTimer_pwm_1_InitConfig
                0x1fff85e4       0x12 ./board/peripherals_flexTimer_pwm_1.o
                0x1fff85e4                flexTimer_pwm_1_InitConfig
 *fill*         0x1fff85f6        0x2 
 .data.flexTimer_pwm_1_PwmConfig
                0x1fff85f8       0x18 ./board/peripherals_flexTimer_pwm_1.o
                0x1fff85f8                flexTimer_pwm_1_PwmConfig
 .data.lpit1_ChnConfig0
                0x1fff8610       0x18 ./board/peripherals_lpit_config_1.o
                0x1fff8610                lpit1_ChnConfig0
 .data.g_pin_mux_InitConfigArr0
                0x1fff8628      0x1b0 ./board/pin_mux.o
                0x1fff8628                g_pin_mux_InitConfigArr0
 .data.send1    0x1fff87d8        0x4 ./src/test.o
                0x1fff87d8                send1
 .data.send2    0x1fff87dc        0x4 ./src/test.o
                0x1fff87dc                send2
 .data.send3    0x1fff87e0        0x4 ./src/test.o
                0x1fff87e0                send3
 .data.send4    0x1fff87e4        0x4 ./src/test.o
                0x1fff87e4                send4
                0x1fff87e8                . = ALIGN (0x4)
                0x1fff87e8                __data_end__ = .
                0x00004818                __DATA_END = (__DATA_ROM + (__data_end__ - __data_start__))
                0x00004818                __CODE_ROM = __DATA_END

.igot.plt       0x1fff87e8        0x0 load address 0x00004818
 .igot.plt      0x1fff87e8        0x0 ./Project_Settings/Startup_Code/startup_S32K144.o

.code           0x1fff87e8        0x0 load address 0x00004818
                0x1fff87e8                . = ALIGN (0x4)
                0x1fff87e8                __CODE_RAM = .
                0x1fff87e8                __code_start__ = .
                0x1fff87e8                __code_ram_start__ = .
 *(.code_ram)
                0x1fff87e8                . = ALIGN (0x4)
                0x1fff87e8                __code_end__ = .
                0x1fff87e8                __code_ram_end__ = .
                0x00004818                __CODE_END = (__CODE_ROM + (__code_end__ - __code_start__))
                0x00004818                __CUSTOM_ROM = __CODE_END

.customSectionBlock
                0x20000000        0x0 load address 0x00004818
                0x20000000                __customSection_start__ = .
 *(.customSection)
                0x20000000                __customSection_end__ = .
                0x00004818                __CUSTOM_END = (__CUSTOM_ROM + (__customSection_end__ - __customSection_start__))
                0x00004818                __rom_end = __CUSTOM_END

.bss            0x20000000      0x148
                0x20000000                . = ALIGN (0x4)
                0x20000000                __BSS_START = .
                0x20000000                __bss_start__ = .
 *(.bss)
 *(.bss*)
 .bss.g_RtcClkInFreq
                0x20000000        0x4 ./SDK/platform/drivers/src/clock/S32K1xx/clock_S32K1xx.o
                0x20000000                g_RtcClkInFreq
 .bss.g_TClkFreq
                0x20000004        0xc ./SDK/platform/drivers/src/clock/S32K1xx/clock_S32K1xx.o
                0x20000004                g_TClkFreq
 .bss.g_clockState
                0x20000010       0x10 ./SDK/platform/drivers/src/clock/S32K1xx/clock_S32K1xx.o
 .bss.g_xtal0ClkFreq
                0x20000020        0x4 ./SDK/platform/drivers/src/clock/S32K1xx/clock_S32K1xx.o
                0x20000020                g_xtal0ClkFreq
 .bss.s_virtEdmaState
                0x20000024        0x4 ./SDK/platform/drivers/src/edma/edma_driver.o
 .bss.ftmStatePtr
                0x20000028       0x10 ./SDK/platform/drivers/src/ftm/ftm_common.o
                0x20000028                ftmStatePtr
 .bss.g_interruptDisableCount
                0x20000038        0x4 ./SDK/platform/drivers/src/interrupt/interrupt_manager.o
 .bss.s_lpitSourceClockFrequency
                0x2000003c        0x4 ./SDK/platform/drivers/src/lpit/lpit_driver.o
 .bss.s_lpuartStatePtr
                0x20000040        0xc ./SDK/platform/drivers/src/lpuart/lpuart_driver.o
 .bss.s_osif_tick_cnt
                0x2000004c        0x4 ./SDK/rtos/osif/osif_baremetal.o
 .bss.g_clockManCallbacksArr
                0x20000050        0x4 ./board/clock_config.o
                0x20000050                g_clockManCallbacksArr
 .bss.flexTimer_pwm_1_FaultConfig
                0x20000054       0x10 ./board/peripherals_flexTimer_pwm_1.o
                0x20000054                flexTimer_pwm_1_FaultConfig
 .bss.lpUartState1
                0x20000064       0x34 ./board/peripherals_lpuart_1.o
                0x20000064                lpUartState1
 .bss.lpUartState0
                0x20000098       0x34 ./board/peripherals_lpuart_2.o
                0x20000098                lpUartState0
 .bss.exit_code
                0x200000cc        0x4 ./src/main.o
                0x200000cc                exit_code
 .bss.ftmstate  0x200000d0       0x64 ./src/test.o
                0x200000d0                ftmstate
 .bss.ready_to_send1
                0x20000134        0x1 ./src/test.o
                0x20000134                ready_to_send1
 .bss.ready_to_send2
                0x20000135        0x1 ./src/test.o
                0x20000135                ready_to_send2
 *fill*         0x20000136        0x2 
 .bss.rec_buf1  0x20000138        0x5 ./src/test.o
                0x20000138                rec_buf1
 *fill*         0x2000013d        0x3 
 .bss.rec_buf2  0x20000140        0x5 ./src/test.o
                0x20000140                rec_buf2
 *(COMMON)
                0x20000148                . = ALIGN (0x4)
 *fill*         0x20000145        0x3 
                0x20000148                __bss_end__ = .
                0x20000148                __BSS_END = .

.heap           0x20000148      0x400
                0x20000148                . = ALIGN (0x8)
                0x20000148                __end__ = .
                0x20000148                __heap_start__ = .
                [!provide]                PROVIDE (end = .)
                [!provide]                PROVIDE (_end = .)
                [!provide]                PROVIDE (__end = .)
                0x20000148                __HeapBase = .
                0x20000548                . = (. + HEAP_SIZE)
 *fill*         0x20000148      0x400 
                0x20000548                __HeapLimit = .
                0x20000548                __heap_limit = .
                0x20000548                __heap_end__ = .
                0x20007000                __StackTop = (ORIGIN (m_data_2) + LENGTH (m_data_2))
                0x20006c00                __StackLimit = (__StackTop - STACK_SIZE)
                0x20007000                PROVIDE (__stack = __StackTop)
                0x20007000                __RAM_END = __StackTop

.stack          0x20006c00      0x400
                0x20006c00                . = ALIGN (0x8)
                0x20006c00                __stack_start__ = .
                0x20007000                . = (. + STACK_SIZE)
 *fill*         0x20006c00      0x400 
                0x20007000                __stack_end__ = .

.ARM.attributes
                0x00000000       0x30
 *(.ARM.attributes)
 .ARM.attributes
                0x00000000       0x22 d:/s32kdesignstudio/s32ds/build_tools/gcc_b1620/gcc-6.3-arm32-eabi/bin/../lib/gcc/arm-none-eabi/6.3.1/thumb/v7e-m/fpv4-sp/hard/crti.o
 .ARM.attributes
                0x00000022       0x1f ./Project_Settings/Startup_Code/startup_S32K144.o
 .ARM.attributes
                0x00000041       0x39 ./SDK/platform/devices/S32K144/startup/system_S32K144.o
 .ARM.attributes
                0x0000007a       0x39 ./SDK/platform/devices/startup.o
 .ARM.attributes
                0x000000b3       0x39 ./SDK/platform/drivers/src/clock/S32K1xx/clock_S32K1xx.o
 .ARM.attributes
                0x000000ec       0x39 ./SDK/platform/drivers/src/edma/edma_driver.o
 .ARM.attributes
                0x00000125       0x39 ./SDK/platform/drivers/src/edma/edma_hw_access.o
 .ARM.attributes
                0x0000015e       0x39 ./SDK/platform/drivers/src/edma/edma_irq.o
 .ARM.attributes
                0x00000197       0x39 ./SDK/platform/drivers/src/ftm/ftm_common.o
 .ARM.attributes
                0x000001d0       0x39 ./SDK/platform/drivers/src/ftm/ftm_hw_access.o
 .ARM.attributes
                0x00000209       0x39 ./SDK/platform/drivers/src/ftm/ftm_pwm_driver.o
 .ARM.attributes
                0x00000242       0x39 ./SDK/platform/drivers/src/interrupt/interrupt_manager.o
 .ARM.attributes
                0x0000027b       0x39 ./SDK/platform/drivers/src/lpit/lpit_driver.o
 .ARM.attributes
                0x000002b4       0x39 ./SDK/platform/drivers/src/lpuart/lpuart_driver.o
 .ARM.attributes
                0x000002ed       0x39 ./SDK/platform/drivers/src/lpuart/lpuart_hw_access.o
 .ARM.attributes
                0x00000326       0x39 ./SDK/platform/drivers/src/lpuart/lpuart_irq.o
 .ARM.attributes
                0x0000035f       0x39 ./SDK/platform/drivers/src/pins/pins_driver.o
 .ARM.attributes
                0x00000398       0x39 ./SDK/platform/drivers/src/pins/pins_port_hw_access.o
 .ARM.attributes
                0x000003d1       0x39 ./SDK/rtos/osif/osif_baremetal.o
 .ARM.attributes
                0x0000040a       0x39 ./board/clock_config.o
 .ARM.attributes
                0x00000443       0x39 ./board/peripherals_flexTimer_pwm_1.o
 .ARM.attributes
                0x0000047c       0x39 ./board/peripherals_lpit_config_1.o
 .ARM.attributes
                0x000004b5       0x39 ./board/peripherals_lpuart_1.o
 .ARM.attributes
                0x000004ee       0x39 ./board/peripherals_lpuart_2.o
 .ARM.attributes
                0x00000527       0x39 ./board/pin_mux.o
 .ARM.attributes
                0x00000560       0x39 ./src/main.o
 .ARM.attributes
                0x00000599       0x39 ./src/test.o
 .ARM.attributes
                0x000005d2       0x22 d:/s32kdesignstudio/s32ds/build_tools/gcc_b1620/gcc-6.3-arm32-eabi/bin/../lib/gcc/arm-none-eabi/6.3.1/thumb/v7e-m/fpv4-sp/hard\libgcc.a(_aeabi_uldivmod.o)
 .ARM.attributes
                0x000005f4       0x34 d:/s32kdesignstudio/s32ds/build_tools/gcc_b1620/gcc-6.3-arm32-eabi/bin/../lib/gcc/arm-none-eabi/6.3.1/thumb/v7e-m/fpv4-sp/hard\libgcc.a(_udivmoddi4.o)
 .ARM.attributes
                0x00000628       0x22 d:/s32kdesignstudio/s32ds/build_tools/gcc_b1620/gcc-6.3-arm32-eabi/bin/../lib/gcc/arm-none-eabi/6.3.1/thumb/v7e-m/fpv4-sp/hard\libgcc.a(_dvmd_tls.o)
 .ARM.attributes
                0x0000064a       0x1b D:/S32kDesignStudio/S32DS/build_tools/gcc_b1620/gcc-6.3-arm32-eabi/arm-none-eabi/newlib/lib/thumb/v7e-m/fpv4-sp/hard\libc_nano.a(lib_a-strlen.o)
                0x00000001                ASSERT ((__rom_end <= (ORIGIN (m_text) + LENGTH (m_text))), Region m_text overflowed!)
                0x00000001                ASSERT ((__StackLimit >= __HeapLimit), region m_data_2 overflowed with stack and heap)
OUTPUT(Test.elf elf32-littlearm)

.debug_line     0x00000000     0x6ddb
 .debug_line    0x00000000       0x82 ./Project_Settings/Startup_Code/startup_S32K144.o
 .debug_line    0x00000082      0x20e ./SDK/platform/devices/S32K144/startup/system_S32K144.o
 .debug_line    0x00000290      0x175 ./SDK/platform/devices/startup.o
 .debug_line    0x00000405     0x1189 ./SDK/platform/drivers/src/clock/S32K1xx/clock_S32K1xx.o
 .debug_line    0x0000158e      0x8a3 ./SDK/platform/drivers/src/edma/edma_driver.o
 .debug_line    0x00001e31      0x354 ./SDK/platform/drivers/src/edma/edma_hw_access.o
 .debug_line    0x00002185      0x2ec ./SDK/platform/drivers/src/edma/edma_irq.o
 .debug_line    0x00002471      0x765 ./SDK/platform/drivers/src/ftm/ftm_common.o
 .debug_line    0x00002bd6      0x331 ./SDK/platform/drivers/src/ftm/ftm_hw_access.o
 .debug_line    0x00002f07      0x7a0 ./SDK/platform/drivers/src/ftm/ftm_pwm_driver.o
 .debug_line    0x000036a7      0x34c ./SDK/platform/drivers/src/interrupt/interrupt_manager.o
 .debug_line    0x000039f3      0x5fa ./SDK/platform/drivers/src/lpit/lpit_driver.o
 .debug_line    0x00003fed      0x968 ./SDK/platform/drivers/src/lpuart/lpuart_driver.o
 .debug_line    0x00004955      0x3c9 ./SDK/platform/drivers/src/lpuart/lpuart_hw_access.o
 .debug_line    0x00004d1e       0xc3 ./SDK/platform/drivers/src/lpuart/lpuart_irq.o
 .debug_line    0x00004de1      0x4b1 ./SDK/platform/drivers/src/pins/pins_driver.o
 .debug_line    0x00005292      0x2d7 ./SDK/platform/drivers/src/pins/pins_port_hw_access.o
 .debug_line    0x00005569      0x3e5 ./SDK/rtos/osif/osif_baremetal.o
 .debug_line    0x0000594e      0x239 ./board/clock_config.o
 .debug_line    0x00005b87      0x24d ./board/peripherals_flexTimer_pwm_1.o
 .debug_line    0x00005dd4      0x170 ./board/peripherals_lpit_config_1.o
 .debug_line    0x00005f44      0x1eb ./board/peripherals_lpuart_1.o
 .debug_line    0x0000612f      0x1eb ./board/peripherals_lpuart_2.o
 .debug_line    0x0000631a      0x1b6 ./board/pin_mux.o
 .debug_line    0x000064d0      0x3bd ./src/main.o
 .debug_line    0x0000688d      0x54e ./src/test.o

.debug_info     0x00000000    0x21e0c
 .debug_info    0x00000000       0x26 ./Project_Settings/Startup_Code/startup_S32K144.o
 .debug_info    0x00000026      0x521 ./SDK/platform/devices/S32K144/startup/system_S32K144.o
 .debug_info    0x00000547      0x2ad ./SDK/platform/devices/startup.o
 .debug_info    0x000007f4     0x5c5e ./SDK/platform/drivers/src/clock/S32K1xx/clock_S32K1xx.o
 .debug_info    0x00006452     0x3770 ./SDK/platform/drivers/src/edma/edma_driver.o
 .debug_info    0x00009bc2      0x95d ./SDK/platform/drivers/src/edma/edma_hw_access.o
 .debug_info    0x0000a51f      0x6da ./SDK/platform/drivers/src/edma/edma_irq.o
 .debug_info    0x0000abf9     0x2c2e ./SDK/platform/drivers/src/ftm/ftm_common.o
 .debug_info    0x0000d827      0x986 ./SDK/platform/drivers/src/ftm/ftm_hw_access.o
 .debug_info    0x0000e1ad     0x2b31 ./SDK/platform/drivers/src/ftm/ftm_pwm_driver.o
 .debug_info    0x00010cde      0x997 ./SDK/platform/drivers/src/interrupt/interrupt_manager.o
 .debug_info    0x00011675     0x1c46 ./SDK/platform/drivers/src/lpit/lpit_driver.o
 .debug_info    0x000132bb     0x2ffd ./SDK/platform/drivers/src/lpuart/lpuart_driver.o
 .debug_info    0x000162b8      0x96c ./SDK/platform/drivers/src/lpuart/lpuart_hw_access.o
 .debug_info    0x00016c24      0x127 ./SDK/platform/drivers/src/lpuart/lpuart_irq.o
 .debug_info    0x00016d4b     0x13d5 ./SDK/platform/drivers/src/pins/pins_driver.o
 .debug_info    0x00018120      0x8a8 ./SDK/platform/drivers/src/pins/pins_port_hw_access.o
 .debug_info    0x000189c8      0xac5 ./SDK/rtos/osif/osif_baremetal.o
 .debug_info    0x0001948d     0x12b5 ./board/clock_config.o
 .debug_info    0x0001a742      0xcc6 ./board/peripherals_flexTimer_pwm_1.o
 .debug_info    0x0001b408      0x1e6 ./board/peripherals_lpit_config_1.o
 .debug_info    0x0001b5ee      0x5c9 ./board/peripherals_lpuart_1.o
 .debug_info    0x0001bbb7      0x5c9 ./board/peripherals_lpuart_2.o
 .debug_info    0x0001c180      0x405 ./board/pin_mux.o
 .debug_info    0x0001c585     0x2615 ./src/main.o
 .debug_info    0x0001eb9a     0x3272 ./src/test.o

.debug_abbrev   0x00000000     0x32e9
 .debug_abbrev  0x00000000       0x14 ./Project_Settings/Startup_Code/startup_S32K144.o
 .debug_abbrev  0x00000014      0x140 ./SDK/platform/devices/S32K144/startup/system_S32K144.o
 .debug_abbrev  0x00000154       0xe0 ./SDK/platform/devices/startup.o
 .debug_abbrev  0x00000234      0x3ec ./SDK/platform/drivers/src/clock/S32K1xx/clock_S32K1xx.o
 .debug_abbrev  0x00000620      0x422 ./SDK/platform/drivers/src/edma/edma_driver.o
 .debug_abbrev  0x00000a42      0x205 ./SDK/platform/drivers/src/edma/edma_hw_access.o
 .debug_abbrev  0x00000c47      0x1b8 ./SDK/platform/drivers/src/edma/edma_irq.o
 .debug_abbrev  0x00000dff      0x360 ./SDK/platform/drivers/src/ftm/ftm_common.o
 .debug_abbrev  0x0000115f      0x1b8 ./SDK/platform/drivers/src/ftm/ftm_hw_access.o
 .debug_abbrev  0x00001317      0x2ef ./SDK/platform/drivers/src/ftm/ftm_pwm_driver.o
 .debug_abbrev  0x00001606      0x1f4 ./SDK/platform/drivers/src/interrupt/interrupt_manager.o
 .debug_abbrev  0x000017fa      0x3c4 ./SDK/platform/drivers/src/lpit/lpit_driver.o
 .debug_abbrev  0x00001bbe      0x3a4 ./SDK/platform/drivers/src/lpuart/lpuart_driver.o
 .debug_abbrev  0x00001f62      0x1d0 ./SDK/platform/drivers/src/lpuart/lpuart_hw_access.o
 .debug_abbrev  0x00002132       0xb9 ./SDK/platform/drivers/src/lpuart/lpuart_irq.o
 .debug_abbrev  0x000021eb      0x2db ./SDK/platform/drivers/src/pins/pins_driver.o
 .debug_abbrev  0x000024c6      0x1f5 ./SDK/platform/drivers/src/pins/pins_port_hw_access.o
 .debug_abbrev  0x000026bb      0x2c6 ./SDK/rtos/osif/osif_baremetal.o
 .debug_abbrev  0x00002981      0x122 ./board/clock_config.o
 .debug_abbrev  0x00002aa3      0x126 ./board/peripherals_flexTimer_pwm_1.o
 .debug_abbrev  0x00002bc9       0x8c ./board/peripherals_lpit_config_1.o
 .debug_abbrev  0x00002c55       0xbc ./board/peripherals_lpuart_1.o
 .debug_abbrev  0x00002d11       0xbc ./board/peripherals_lpuart_2.o
 .debug_abbrev  0x00002dcd       0xca ./board/pin_mux.o
 .debug_abbrev  0x00002e97      0x1d7 ./src/main.o
 .debug_abbrev  0x0000306e      0x27b ./src/test.o

.debug_aranges  0x00000000      0xac0
 .debug_aranges
                0x00000000       0x20 ./Project_Settings/Startup_Code/startup_S32K144.o
 .debug_aranges
                0x00000020       0x30 ./SDK/platform/devices/S32K144/startup/system_S32K144.o
 .debug_aranges
                0x00000050       0x20 ./SDK/platform/devices/startup.o
 .debug_aranges
                0x00000070      0x128 ./SDK/platform/drivers/src/clock/S32K1xx/clock_S32K1xx.o
 .debug_aranges
                0x00000198      0x138 ./SDK/platform/drivers/src/edma/edma_driver.o
 .debug_aranges
                0x000002d0       0x88 ./SDK/platform/drivers/src/edma/edma_hw_access.o
 .debug_aranges
                0x00000358       0xa0 ./SDK/platform/drivers/src/edma/edma_irq.o
 .debug_aranges
                0x000003f8       0xc8 ./SDK/platform/drivers/src/ftm/ftm_common.o
 .debug_aranges
                0x000004c0       0x38 ./SDK/platform/drivers/src/ftm/ftm_hw_access.o
 .debug_aranges
                0x000004f8       0x50 ./SDK/platform/drivers/src/ftm/ftm_pwm_driver.o
 .debug_aranges
                0x00000548       0x70 ./SDK/platform/drivers/src/interrupt/interrupt_manager.o
 .debug_aranges
                0x000005b8       0xb0 ./SDK/platform/drivers/src/lpit/lpit_driver.o
 .debug_aranges
                0x00000668      0x118 ./SDK/platform/drivers/src/lpuart/lpuart_driver.o
 .debug_aranges
                0x00000780       0x78 ./SDK/platform/drivers/src/lpuart/lpuart_hw_access.o
 .debug_aranges
                0x000007f8       0x30 ./SDK/platform/drivers/src/lpuart/lpuart_irq.o
 .debug_aranges
                0x00000828       0xe0 ./SDK/platform/drivers/src/pins/pins_driver.o
 .debug_aranges
                0x00000908       0x40 ./SDK/platform/drivers/src/pins/pins_port_hw_access.o
 .debug_aranges
                0x00000948       0x70 ./SDK/rtos/osif/osif_baremetal.o
 .debug_aranges
                0x000009b8       0x18 ./board/clock_config.o
 .debug_aranges
                0x000009d0       0x18 ./board/peripherals_flexTimer_pwm_1.o
 .debug_aranges
                0x000009e8       0x18 ./board/peripherals_lpit_config_1.o
 .debug_aranges
                0x00000a00       0x18 ./board/peripherals_lpuart_1.o
 .debug_aranges
                0x00000a18       0x18 ./board/peripherals_lpuart_2.o
 .debug_aranges
                0x00000a30       0x18 ./board/pin_mux.o
 .debug_aranges
                0x00000a48       0x20 ./src/main.o
 .debug_aranges
                0x00000a68       0x58 ./src/test.o

.debug_str      0x00000000     0xa45d
 .debug_str     0x00000000       0x7a ./Project_Settings/Startup_Code/startup_S32K144.o
 .debug_str     0x0000007a      0x3c9 ./SDK/platform/devices/S32K144/startup/system_S32K144.o
                                0x451 (size before relaxing)
 .debug_str     0x00000443      0x20c ./SDK/platform/devices/startup.o
                                0x440 (size before relaxing)
 .debug_str     0x0000064f     0x35ee ./SDK/platform/drivers/src/clock/S32K1xx/clock_S32K1xx.o
                               0x39a3 (size before relaxing)
 .debug_str     0x00003c3d     0x1e79 ./SDK/platform/drivers/src/edma/edma_driver.o
                               0x2a3e (size before relaxing)
 .debug_str     0x00005ab6       0x46 ./SDK/platform/drivers/src/edma/edma_hw_access.o
                                0x802 (size before relaxing)
 .debug_str     0x00005afc      0x162 ./SDK/platform/drivers/src/edma/edma_irq.o
                                0x517 (size before relaxing)
 .debug_str     0x00005c5e     0x118b ./SDK/platform/drivers/src/ftm/ftm_common.o
                               0x279e (size before relaxing)
 .debug_str     0x00006de9       0xa7 ./SDK/platform/drivers/src/ftm/ftm_hw_access.o
                                0xda0 (size before relaxing)
 .debug_str     0x00006e90      0x9dd ./SDK/platform/drivers/src/ftm/ftm_pwm_driver.o
                               0x2080 (size before relaxing)
 .debug_str     0x0000786d      0x180 ./SDK/platform/drivers/src/interrupt/interrupt_manager.o
                                0xb96 (size before relaxing)
 .debug_str     0x000079ed      0x838 ./SDK/platform/drivers/src/lpit/lpit_driver.o
                               0x1d62 (size before relaxing)
 .debug_str     0x00008225      0xdcb ./SDK/platform/drivers/src/lpuart/lpuart_driver.o
                               0x2518 (size before relaxing)
 .debug_str     0x00008ff0       0xc4 ./SDK/platform/drivers/src/lpuart/lpuart_hw_access.o
                               0x1095 (size before relaxing)
 .debug_str     0x000090b4       0x69 ./SDK/platform/drivers/src/lpuart/lpuart_irq.o
                                0x29f (size before relaxing)
 .debug_str     0x0000911d      0x967 ./SDK/platform/drivers/src/pins/pins_driver.o
                               0x145c (size before relaxing)
 .debug_str     0x00009a84      0x19d ./SDK/platform/drivers/src/pins/pins_port_hw_access.o
                                0x944 (size before relaxing)
 .debug_str     0x00009c21      0x18d ./SDK/rtos/osif/osif_baremetal.o
                               0x10f8 (size before relaxing)
 .debug_str     0x00009dae       0x71 ./board/clock_config.o
                               0x2358 (size before relaxing)
 .debug_str     0x00009e1f       0xa2 ./board/peripherals_flexTimer_pwm_1.o
                               0x1322 (size before relaxing)
 .debug_str     0x00009ec1       0x47 ./board/peripherals_lpit_config_1.o
                                0x45b (size before relaxing)
 .debug_str     0x00009f08       0x42 ./board/peripherals_lpuart_1.o
                                0xdc5 (size before relaxing)
 .debug_str     0x00009f4a       0x42 ./board/peripherals_lpuart_2.o
                                0xdc5 (size before relaxing)
 .debug_str     0x00009f8c       0x2c ./board/pin_mux.o
                                0x608 (size before relaxing)
 .debug_str     0x00009fb8       0x49 ./src/main.o
                               0x38a2 (size before relaxing)
 .debug_str     0x0000a001      0x45c ./src/test.o
                               0x3e42 (size before relaxing)

.debug_loc      0x00000000    0x1058f
 .debug_loc     0x00000000      0x10a ./SDK/platform/devices/S32K144/startup/system_S32K144.o
 .debug_loc     0x0000010a       0xec ./SDK/platform/devices/startup.o
 .debug_loc     0x000001f6     0x4df7 ./SDK/platform/drivers/src/clock/S32K1xx/clock_S32K1xx.o
 .debug_loc     0x00004fed     0x28d9 ./SDK/platform/drivers/src/edma/edma_driver.o
 .debug_loc     0x000078c6      0x6fa ./SDK/platform/drivers/src/edma/edma_hw_access.o
 .debug_loc     0x00007fc0       0x50 ./SDK/platform/drivers/src/edma/edma_irq.o
 .debug_loc     0x00008010     0x1b47 ./SDK/platform/drivers/src/ftm/ftm_common.o
 .debug_loc     0x00009b57      0x184 ./SDK/platform/drivers/src/ftm/ftm_hw_access.o
 .debug_loc     0x00009cdb     0x1f17 ./SDK/platform/drivers/src/ftm/ftm_pwm_driver.o
 .debug_loc     0x0000bbf2      0x252 ./SDK/platform/drivers/src/interrupt/interrupt_manager.o
 .debug_loc     0x0000be44      0xe93 ./SDK/platform/drivers/src/lpit/lpit_driver.o
 .debug_loc     0x0000ccd7     0x2030 ./SDK/platform/drivers/src/lpuart/lpuart_driver.o
 .debug_loc     0x0000ed07      0x738 ./SDK/platform/drivers/src/lpuart/lpuart_hw_access.o
 .debug_loc     0x0000f43f      0x77f ./SDK/platform/drivers/src/pins/pins_driver.o
 .debug_loc     0x0000fbbe      0x56a ./SDK/platform/drivers/src/pins/pins_port_hw_access.o
 .debug_loc     0x00010128      0x275 ./SDK/rtos/osif/osif_baremetal.o
 .debug_loc     0x0001039d      0x1f2 ./src/test.o

.debug_ranges   0x00000000     0x1040
 .debug_ranges  0x00000000       0x20 ./SDK/platform/devices/S32K144/startup/system_S32K144.o
 .debug_ranges  0x00000020       0x10 ./SDK/platform/devices/startup.o
 .debug_ranges  0x00000030      0x3f0 ./SDK/platform/drivers/src/clock/S32K1xx/clock_S32K1xx.o
 .debug_ranges  0x00000420      0x158 ./SDK/platform/drivers/src/edma/edma_driver.o
 .debug_ranges  0x00000578       0x90 ./SDK/platform/drivers/src/edma/edma_hw_access.o
 .debug_ranges  0x00000608       0x90 ./SDK/platform/drivers/src/edma/edma_irq.o
 .debug_ranges  0x00000698      0x148 ./SDK/platform/drivers/src/ftm/ftm_common.o
 .debug_ranges  0x000007e0       0x28 ./SDK/platform/drivers/src/ftm/ftm_hw_access.o
 .debug_ranges  0x00000808      0x2f8 ./SDK/platform/drivers/src/ftm/ftm_pwm_driver.o
 .debug_ranges  0x00000b00       0x98 ./SDK/platform/drivers/src/interrupt/interrupt_manager.o
 .debug_ranges  0x00000b98       0xe8 ./SDK/platform/drivers/src/lpit/lpit_driver.o
 .debug_ranges  0x00000c80      0x150 ./SDK/platform/drivers/src/lpuart/lpuart_driver.o
 .debug_ranges  0x00000dd0       0x68 ./SDK/platform/drivers/src/lpuart/lpuart_hw_access.o
 .debug_ranges  0x00000e38       0x20 ./SDK/platform/drivers/src/lpuart/lpuart_irq.o
 .debug_ranges  0x00000e58       0xd0 ./SDK/platform/drivers/src/pins/pins_driver.o
 .debug_ranges  0x00000f28       0x30 ./SDK/platform/drivers/src/pins/pins_port_hw_access.o
 .debug_ranges  0x00000f58       0x90 ./SDK/rtos/osif/osif_baremetal.o
 .debug_ranges  0x00000fe8       0x10 ./src/main.o
 .debug_ranges  0x00000ff8       0x48 ./src/test.o

.comment        0x00000000       0x7e
 .comment       0x00000000       0x7e ./SDK/platform/devices/S32K144/startup/system_S32K144.o
                                 0x7f (size before relaxing)
 .comment       0x0000007e       0x7f ./SDK/platform/devices/startup.o
 .comment       0x0000007e       0x7f ./SDK/platform/drivers/src/clock/S32K1xx/clock_S32K1xx.o
 .comment       0x0000007e       0x7f ./SDK/platform/drivers/src/edma/edma_driver.o
 .comment       0x0000007e       0x7f ./SDK/platform/drivers/src/edma/edma_hw_access.o
 .comment       0x0000007e       0x7f ./SDK/platform/drivers/src/edma/edma_irq.o
 .comment       0x0000007e       0x7f ./SDK/platform/drivers/src/ftm/ftm_common.o
 .comment       0x0000007e       0x7f ./SDK/platform/drivers/src/ftm/ftm_hw_access.o
 .comment       0x0000007e       0x7f ./SDK/platform/drivers/src/ftm/ftm_pwm_driver.o
 .comment       0x0000007e       0x7f ./SDK/platform/drivers/src/interrupt/interrupt_manager.o
 .comment       0x0000007e       0x7f ./SDK/platform/drivers/src/lpit/lpit_driver.o
 .comment       0x0000007e       0x7f ./SDK/platform/drivers/src/lpuart/lpuart_driver.o
 .comment       0x0000007e       0x7f ./SDK/platform/drivers/src/lpuart/lpuart_hw_access.o
 .comment       0x0000007e       0x7f ./SDK/platform/drivers/src/lpuart/lpuart_irq.o
 .comment       0x0000007e       0x7f ./SDK/platform/drivers/src/pins/pins_driver.o
 .comment       0x0000007e       0x7f ./SDK/platform/drivers/src/pins/pins_port_hw_access.o
 .comment       0x0000007e       0x7f ./SDK/rtos/osif/osif_baremetal.o
 .comment       0x0000007e       0x7f ./board/clock_config.o
 .comment       0x0000007e       0x7f ./board/peripherals_flexTimer_pwm_1.o
 .comment       0x0000007e       0x7f ./board/peripherals_lpit_config_1.o
 .comment       0x0000007e       0x7f ./board/peripherals_lpuart_1.o
 .comment       0x0000007e       0x7f ./board/peripherals_lpuart_2.o
 .comment       0x0000007e       0x7f ./board/pin_mux.o
 .comment       0x0000007e       0x7f ./src/main.o
 .comment       0x0000007e       0x7f ./src/test.o

.debug_frame    0x00000000     0x19e4
 .debug_frame   0x00000000       0x40 ./SDK/platform/devices/S32K144/startup/system_S32K144.o
 .debug_frame   0x00000040       0x2c ./SDK/platform/devices/startup.o
 .debug_frame   0x0000006c      0x398 ./SDK/platform/drivers/src/clock/S32K1xx/clock_S32K1xx.o
 .debug_frame   0x00000404      0x388 ./SDK/platform/drivers/src/edma/edma_driver.o
 .debug_frame   0x0000078c      0x144 ./SDK/platform/drivers/src/edma/edma_hw_access.o
 .debug_frame   0x000008d0      0x1ac ./SDK/platform/drivers/src/edma/edma_irq.o
 .debug_frame   0x00000a7c      0x1f8 ./SDK/platform/drivers/src/ftm/ftm_common.o
 .debug_frame   0x00000c74       0x5c ./SDK/platform/drivers/src/ftm/ftm_hw_access.o
 .debug_frame   0x00000cd0       0xe0 ./SDK/platform/drivers/src/ftm/ftm_pwm_driver.o
 .debug_frame   0x00000db0       0xd8 ./SDK/platform/drivers/src/interrupt/interrupt_manager.o
 .debug_frame   0x00000e88      0x1ac ./SDK/platform/drivers/src/lpit/lpit_driver.o
 .debug_frame   0x00001034      0x398 ./SDK/platform/drivers/src/lpuart/lpuart_driver.o
 .debug_frame   0x000013cc       0xf4 ./SDK/platform/drivers/src/lpuart/lpuart_hw_access.o
 .debug_frame   0x000014c0       0x58 ./SDK/platform/drivers/src/lpuart/lpuart_irq.o
 .debug_frame   0x00001518      0x1e4 ./SDK/platform/drivers/src/pins/pins_driver.o
 .debug_frame   0x000016fc       0x98 ./SDK/platform/drivers/src/pins/pins_port_hw_access.o
 .debug_frame   0x00001794       0xf8 ./SDK/rtos/osif/osif_baremetal.o
 .debug_frame   0x0000188c       0x28 ./src/main.o
 .debug_frame   0x000018b4       0xd0 ./src/test.o
 .debug_frame   0x00001984       0x2c d:/s32kdesignstudio/s32ds/build_tools/gcc_b1620/gcc-6.3-arm32-eabi/bin/../lib/gcc/arm-none-eabi/6.3.1/thumb/v7e-m/fpv4-sp/hard\libgcc.a(_aeabi_uldivmod.o)
 .debug_frame   0x000019b0       0x34 d:/s32kdesignstudio/s32ds/build_tools/gcc_b1620/gcc-6.3-arm32-eabi/bin/../lib/gcc/arm-none-eabi/6.3.1/thumb/v7e-m/fpv4-sp/hard\libgcc.a(_udivmoddi4.o)
